// Jest Snapshot v1, https://goo.gl/fbAQLP

exports[`matches snapshot when logged out 1`] = `
<DocumentFragment>
  <div
    class="Navigation"
  >
    <nav
      class="navbar navbar navbar-expand-lg | md navbar-light bg-light fixed-top"
    >
      <span
        class="navbar-brand"
      >
        <a
          href="/"
        >
          <img
            class="logo"
            src="click1.png"
          />
        </a>
      </span>
      <div
        class="container-fluid"
      >
        <button
          aria-label="Toggle navigation"
          class="navbar-toggler collapsed"
          type="button"
        >
          <span
            class="navbar-toggler-icon"
          />
        </button>
        <div
          class="navbar-collapse collapse"
        >
          <div
            class="ms-auto navbar-nav"
          >
            <a
              class="nav-link"
              data-rr-ui-event-key="login"
              href="login"
              style="color: slateblue; font-size: 18px; font-weight: 700;"
            >
              Login
            </a>
            <a
              class="nav-link"
              data-rr-ui-event-key="signup"
              href="signup"
              style="color: slateblue; font-size: 18px; font-weight: 700;"
            >
              Signup
            </a>
          </div>
        </div>
      </div>
    </nav>
  </div>
</DocumentFragment>
`;
