// Jest Snapshot v1, https://goo.gl/fbAQLP

exports[`matches snapshot 1`] = `
<DocumentFragment>
  <div
    class="RestaurantList mt-5 container"
  >
    <div
      class="col-lg-8 col-md-6"
      ms="12"
    >
      <div>
        <form
          class="form-search"
        >
          <input
            class="form-control input-search"
            name="searchTerm"
            placeholder="Enter restaurant name"
            value=""
          />
          <button
            class="btn btn-primary mb-4 ms-5 res-search"
            type="submit"
          >
            Search
          </button>
        </form>
      </div>
      <p
        class="lead"
      >
        Sorry, no results were found!
      </p>
    </div>
  </div>
</DocumentFragment>
`;
